// Jest Snapshot v1, https://goo.gl/fbAQLP

exports[`ModifyCuration: default 1`] = `
<div
  className="ui text vertical menu"
>
  <div
    className="link item"
    onClick={[Function]}
  >
    <i
      aria-hidden="true"
      className="write icon"
    />
    <a
      href="editCuration/undefined"
      onClick={[Function]}
      style={
        Object {
          "color": "rgba(0,0,0,.6)",
        }
      }
    >
      Edit
    </a>
  </div>
  <div
    className="link item"
    onClick={[Function]}
  >
    <i
      aria-hidden="true"
      className="trash icon"
    />
    Delete
  </div>
  <div
    className="link item"
    onClick={[Function]}
  >
    <i
      aria-hidden="true"
      className="plus icon"
    />
    Duplicate
  </div>
</div>
`;
