// Jest Snapshot v1, https://goo.gl/fbAQLP

exports[`SearchResultCollection: default 1`] = `
<div
  className="ui items"
>
  <div
    className="ui header"
  >
    Search Results
  </div>
   
  <p>
    10
     Results
  </p>
  <div
    className="item"
  >
    <div
      className="ui tiny image"
      href={undefined}
    >
      <img
        src="http://fpoimg.com/100x100"
      />
    </div>
    <div
      className="content"
    >
      <a
        className="header"
      >
        clicks-and-mortar envisioneer e-business
        <button
          className="ui icon button"
          disabled={undefined}
          onClick={[Function]}
          role="button"
          tabIndex={undefined}
          value={5863}
        >
          <i
            aria-hidden="true"
            className="plus icon"
          />
        </button>
      </a>
      <div
        className="description"
      >
        Chelsey Douglas
      </div>
      <div
        className="extra"
      >
        <span>
          
        </span>
        <p>
          53982
        </p>
      </div>
      <i
        aria-hidden="true"
        className="tags small icon"
        onBlur={[Function]}
        onClick={[Function]}
        onFocus={[Function]}
        onMouseEnter={[Function]}
        onMouseLeave={[Function]}
        style={
          Object {
            "cursor": "pointer",
          }
        }
      />
      <i
        aria-hidden="true"
        className="share icon"
        onBlur={[Function]}
        onClick={[Function]}
        onFocus={[Function]}
        onMouseEnter={[Function]}
        onMouseLeave={[Function]}
        style={
          Object {
            "cursor": "pointer",
          }
        }
      />
    </div>
  </div>
  <div
    className="item"
  >
    <div
      className="ui tiny image"
      href={undefined}
    >
      <img
        src="http://fpoimg.com/100x100"
      />
    </div>
    <div
      className="content"
    >
      <a
        className="header"
      >
        visionary target content
        <button
          className="ui icon button"
          disabled={undefined}
          onClick={[Function]}
          role="button"
          tabIndex={undefined}
          value={9972}
        >
          <i
            aria-hidden="true"
            className="plus icon"
          />
        </button>
      </a>
      <div
        className="description"
      >
        Jesse Walsh
      </div>
      <div
        className="extra"
      >
        <span>
          Mante, Gerhold and Boyer, Armstrong Group
        </span>
        <p>
          47138
        </p>
      </div>
      <i
        aria-hidden="true"
        className="tags small icon"
        onBlur={[Function]}
        onClick={[Function]}
        onFocus={[Function]}
        onMouseEnter={[Function]}
        onMouseLeave={[Function]}
        style={
          Object {
            "cursor": "pointer",
          }
        }
      />
      <i
        aria-hidden="true"
        className="share icon"
        onBlur={[Function]}
        onClick={[Function]}
        onFocus={[Function]}
        onMouseEnter={[Function]}
        onMouseLeave={[Function]}
        style={
          Object {
            "cursor": "pointer",
          }
        }
      />
    </div>
  </div>
  <div
    className="item"
  >
    <div
      className="ui tiny image"
      href={undefined}
    >
      <img
        src="http://fpoimg.com/100x100"
      />
    </div>
    <div
      className="content"
    >
      <a
        className="header"
      >
        virtual architect bandwidth
        <button
          className="ui icon button"
          disabled={undefined}
          onClick={[Function]}
          role="button"
          tabIndex={undefined}
          value={8573}
        >
          <i
            aria-hidden="true"
            className="plus icon"
          />
        </button>
      </a>
      <div
        className="description"
      >
        Nick Pollich
      </div>
      <div
        className="extra"
      >
        <span>
          Orn - Satterfield, Maggio - Doyle
        </span>
        <p>
          25472
        </p>
      </div>
      <i
        aria-hidden="true"
        className="tags small icon"
        onBlur={[Function]}
        onClick={[Function]}
        onFocus={[Function]}
        onMouseEnter={[Function]}
        onMouseLeave={[Function]}
        style={
          Object {
            "cursor": "pointer",
          }
        }
      />
      <i
        aria-hidden="true"
        className="share icon"
        onBlur={[Function]}
        onClick={[Function]}
        onFocus={[Function]}
        onMouseEnter={[Function]}
        onMouseLeave={[Function]}
        style={
          Object {
            "cursor": "pointer",
          }
        }
      />
    </div>
  </div>
  <div
    className="item"
  >
    <div
      className="ui tiny image"
      href={undefined}
    >
      <img
        src="http://fpoimg.com/100x100"
      />
    </div>
    <div
      className="content"
    >
      <a
        className="header"
      >
        user-centric streamline methodologies
        <button
          className="ui icon button"
          disabled={undefined}
          onClick={[Function]}
          role="button"
          tabIndex={undefined}
          value={7726}
        >
          <i
            aria-hidden="true"
            className="plus icon"
          />
        </button>
      </a>
      <div
        className="description"
      >
        Rudolph Emard
      </div>
      <div
        className="extra"
      >
        <span>
          Keebler - Walsh, Crona Group, Torphy Group
        </span>
        <p>
          48399
        </p>
      </div>
      <i
        aria-hidden="true"
        className="tags small icon"
        onBlur={[Function]}
        onClick={[Function]}
        onFocus={[Function]}
        onMouseEnter={[Function]}
        onMouseLeave={[Function]}
        style={
          Object {
            "cursor": "pointer",
          }
        }
      />
      <i
        aria-hidden="true"
        className="share icon"
        onBlur={[Function]}
        onClick={[Function]}
        onFocus={[Function]}
        onMouseEnter={[Function]}
        onMouseLeave={[Function]}
        style={
          Object {
            "cursor": "pointer",
          }
        }
      />
    </div>
  </div>
  <div
    className="item"
  >
    <div
      className="ui tiny image"
      href={undefined}
    >
      <img
        src="http://fpoimg.com/100x100"
      />
    </div>
    <div
      className="content"
    >
      <a
        className="header"
      >
        collaborative generate interfaces
        <button
          className="ui icon button"
          disabled={undefined}
          onClick={[Function]}
          role="button"
          tabIndex={undefined}
          value={3124}
        >
          <i
            aria-hidden="true"
            className="plus icon"
          />
        </button>
      </a>
      <div
        className="description"
      >
        Marietta Kilback
      </div>
      <div
        className="extra"
      >
        <span>
          Dietrich - Bahringer, Nolan Inc, Pacocha - Kerluke
        </span>
        <p>
          54103
        </p>
      </div>
      <i
        aria-hidden="true"
        className="tags small icon"
        onBlur={[Function]}
        onClick={[Function]}
        onFocus={[Function]}
        onMouseEnter={[Function]}
        onMouseLeave={[Function]}
        style={
          Object {
            "cursor": "pointer",
          }
        }
      />
      <i
        aria-hidden="true"
        className="share icon"
        onBlur={[Function]}
        onClick={[Function]}
        onFocus={[Function]}
        onMouseEnter={[Function]}
        onMouseLeave={[Function]}
        style={
          Object {
            "cursor": "pointer",
          }
        }
      />
    </div>
  </div>
  <div
    className="item"
  >
    <div
      className="ui tiny image"
      href={undefined}
    >
      <img
        src="http://fpoimg.com/100x100"
      />
    </div>
    <div
      className="content"
    >
      <a
        className="header"
      >
        leading-edge incubate relationships
        <button
          className="ui icon button"
          disabled={undefined}
          onClick={[Function]}
          role="button"
          tabIndex={undefined}
          value={7422}
        >
          <i
            aria-hidden="true"
            className="plus icon"
          />
        </button>
      </a>
      <div
        className="description"
      >
        Nyasia Tremblay
      </div>
      <div
        className="extra"
      >
        <span>
          
        </span>
        <p>
          89473
        </p>
      </div>
      <i
        aria-hidden="true"
        className="tags small icon"
        onBlur={[Function]}
        onClick={[Function]}
        onFocus={[Function]}
        onMouseEnter={[Function]}
        onMouseLeave={[Function]}
        style={
          Object {
            "cursor": "pointer",
          }
        }
      />
      <i
        aria-hidden="true"
        className="share icon"
        onBlur={[Function]}
        onClick={[Function]}
        onFocus={[Function]}
        onMouseEnter={[Function]}
        onMouseLeave={[Function]}
        style={
          Object {
            "cursor": "pointer",
          }
        }
      />
    </div>
  </div>
  <div
    className="item"
  >
    <div
      className="ui tiny image"
      href={undefined}
    >
      <img
        src="http://fpoimg.com/100x100"
      />
    </div>
    <div
      className="content"
    >
      <a
        className="header"
      >
        proactive morph eyeballs
        <button
          className="ui icon button"
          disabled={undefined}
          onClick={[Function]}
          role="button"
          tabIndex={undefined}
          value={5409}
        >
          <i
            aria-hidden="true"
            className="plus icon"
          />
        </button>
      </a>
      <div
        className="description"
      >
        Lew Stark
      </div>
      <div
        className="extra"
      >
        <span>
          Keebler Inc
        </span>
        <p>
          39034
        </p>
      </div>
      <i
        aria-hidden="true"
        className="tags small icon"
        onBlur={[Function]}
        onClick={[Function]}
        onFocus={[Function]}
        onMouseEnter={[Function]}
        onMouseLeave={[Function]}
        style={
          Object {
            "cursor": "pointer",
          }
        }
      />
      <i
        aria-hidden="true"
        className="share icon"
        onBlur={[Function]}
        onClick={[Function]}
        onFocus={[Function]}
        onMouseEnter={[Function]}
        onMouseLeave={[Function]}
        style={
          Object {
            "cursor": "pointer",
          }
        }
      />
    </div>
  </div>
  <div
    className="item"
  >
    <div
      className="ui tiny image"
      href={undefined}
    >
      <img
        src="http://fpoimg.com/100x100"
      />
    </div>
    <div
      className="content"
    >
      <a
        className="header"
      >
        virtual expedite portals
        <button
          className="ui icon button"
          disabled={undefined}
          onClick={[Function]}
          role="button"
          tabIndex={undefined}
          value={8171}
        >
          <i
            aria-hidden="true"
            className="plus icon"
          />
        </button>
      </a>
      <div
        className="description"
      >
        Carmella Bauch
      </div>
      <div
        className="extra"
      >
        <span>
          Kovacek - Ortiz
        </span>
        <p>
          42369
        </p>
      </div>
      <i
        aria-hidden="true"
        className="tags small icon"
        onBlur={[Function]}
        onClick={[Function]}
        onFocus={[Function]}
        onMouseEnter={[Function]}
        onMouseLeave={[Function]}
        style={
          Object {
            "cursor": "pointer",
          }
        }
      />
      <i
        aria-hidden="true"
        className="share icon"
        onBlur={[Function]}
        onClick={[Function]}
        onFocus={[Function]}
        onMouseEnter={[Function]}
        onMouseLeave={[Function]}
        style={
          Object {
            "cursor": "pointer",
          }
        }
      />
    </div>
  </div>
  <div
    className="item"
  >
    <div
      className="ui tiny image"
      href={undefined}
    >
      <img
        src="http://fpoimg.com/100x100"
      />
    </div>
    <div
      className="content"
    >
      <a
        className="header"
      >
        viral morph synergies
        <button
          className="ui icon button"
          disabled={undefined}
          onClick={[Function]}
          role="button"
          tabIndex={undefined}
          value={6402}
        >
          <i
            aria-hidden="true"
            className="plus icon"
          />
        </button>
      </a>
      <div
        className="description"
      >
        Ms. Jessie Leffler
      </div>
      <div
        className="extra"
      >
        <span>
          Douglas - Hettinger
        </span>
        <p>
          43851
        </p>
      </div>
      <i
        aria-hidden="true"
        className="tags small icon"
        onBlur={[Function]}
        onClick={[Function]}
        onFocus={[Function]}
        onMouseEnter={[Function]}
        onMouseLeave={[Function]}
        style={
          Object {
            "cursor": "pointer",
          }
        }
      />
      <i
        aria-hidden="true"
        className="share icon"
        onBlur={[Function]}
        onClick={[Function]}
        onFocus={[Function]}
        onMouseEnter={[Function]}
        onMouseLeave={[Function]}
        style={
          Object {
            "cursor": "pointer",
          }
        }
      />
    </div>
  </div>
  <div
    className="item"
  >
    <div
      className="ui tiny image"
      href={undefined}
    >
      <img
        src="http://fpoimg.com/100x100"
      />
    </div>
    <div
      className="content"
    >
      <a
        className="header"
      >
        compelling iterate paradigms
        <button
          className="ui icon button"
          disabled={undefined}
          onClick={[Function]}
          role="button"
          tabIndex={undefined}
          value={7850}
        >
          <i
            aria-hidden="true"
            className="plus icon"
          />
        </button>
      </a>
      <div
        className="description"
      >
        Abigayle Schmidt
      </div>
      <div
        className="extra"
      >
        <span>
          Ratke, Casper and Legros, Aufderhar, Hilll and Lubowitz, Schaden - Witting
        </span>
        <p>
          37172
        </p>
      </div>
      <i
        aria-hidden="true"
        className="tags small icon"
        onBlur={[Function]}
        onClick={[Function]}
        onFocus={[Function]}
        onMouseEnter={[Function]}
        onMouseLeave={[Function]}
        style={
          Object {
            "cursor": "pointer",
          }
        }
      />
      <i
        aria-hidden="true"
        className="share icon"
        onBlur={[Function]}
        onClick={[Function]}
        onFocus={[Function]}
        onMouseEnter={[Function]}
        onMouseLeave={[Function]}
        style={
          Object {
            "cursor": "pointer",
          }
        }
      />
    </div>
  </div>
</div>
`;
