// Jest Snapshot v1, https://goo.gl/fbAQLP

exports[`BulkCurationEditor: default 1`] = `
<form
  action={undefined}
  className="ui equal width form"
  onSubmit={[Function]}
>
  <div
    className="inline fields"
  >
    <div
      className="inline field"
    >
      <div
        className="field"
      >
        <div
          className="ui checkbox"
          content={undefined}
          onChange={[Function]}
          onClick={[Function]}
          onMouseDown={[Function]}
        >
          <input
            checked={false}
            className="hidden"
            id={undefined}
            name={undefined}
            onClick={[Function]}
            readOnly={true}
            required={undefined}
            tabIndex={0}
            type="checkbox"
            value={undefined}
          />
          <label
            htmlFor={undefined}
          >
            Select All
          </label>
        </div>
      </div>
    </div>
    <div
      className="field"
    >
      <div
        aria-busy={undefined}
        aria-disabled={undefined}
        aria-expanded={false}
        aria-multiselectable={undefined}
        className="ui fluid selection dropdown"
        content={undefined}
        onBlur={[Function]}
        onChange={[Function]}
        onClick={[Function]}
        onFocus={[Function]}
        onMouseDown={[Function]}
        required={undefined}
        role="listbox"
        tabIndex={0}
        type={undefined}
      >
        <div
          aria-live="polite"
          className="default text"
          role="alert"
        >
          Actions
        </div>
        <i
          aria-hidden="true"
          className="dropdown icon"
          onClick={[Function]}
        />
        <div
          className="menu transition"
        >
          <div
            aria-checked={false}
            aria-disabled={undefined}
            aria-selected={true}
            className="selected item"
            onClick={[Function]}
            role="option"
            style={
              Object {
                "pointerEvents": "all",
              }
            }
          >
            <span
              className="text"
            >
              Afghanistan
            </span>
          </div>
        </div>
      </div>
    </div>
    <div
      className="field"
    >
      <div
        aria-busy={undefined}
        aria-disabled={undefined}
        aria-expanded={false}
        aria-multiselectable={undefined}
        className="ui fluid selection dropdown"
        content={undefined}
        onBlur={[Function]}
        onChange={[Function]}
        onClick={[Function]}
        onFocus={[Function]}
        onMouseDown={[Function]}
        required={undefined}
        role="listbox"
        tabIndex={0}
        type={undefined}
      >
        <div
          aria-live="polite"
          className="default text"
          role="alert"
        >
          Add to
        </div>
        <i
          aria-hidden="true"
          className="dropdown icon"
          onClick={[Function]}
        />
        <div
          className="menu transition"
        >
          <div
            aria-checked={false}
            aria-disabled={undefined}
            aria-selected={true}
            className="selected item"
            onClick={[Function]}
            role="option"
            style={
              Object {
                "pointerEvents": "all",
              }
            }
          >
            <span
              className="text"
            >
              Afghanistan
            </span>
          </div>
        </div>
      </div>
    </div>
    <div
      className="field"
    >
      <button
        className="ui red right floated button"
        disabled={undefined}
        onClick={[Function]}
        required={undefined}
        role="button"
        tabIndex={undefined}
        type={undefined}
      >
        New Curation
      </button>
    </div>
  </div>
</form>
`;
