// Jest Snapshot v1, https://goo.gl/fbAQLP

exports[`CurationScheduler: default 1`] = `
<section>
  <div>
    <span>
      UPdated:
    </span>
    <button>
      Save Curations
    </button>
    <select>
      <option>
        Draft
      </option>
      <option>
        Published
      </option>
    </select>
  </div>
  <div>
    <span>
      Schedule:
    </span>
    <input
      id="date-start"
      type="date"
    />
    <input
      id="date-end"
      type="date"
    />
  </div>
  <div>
    <span>
      Recommended Time Slot
    </span>
    <input
      id="date-start"
      max="24"
      min="0"
      step="1"
      type="range"
    />
  </div>
  <div>
    <span>
      Environment
    </span>
    <select>
      <option>
        Production
      </option>
      <option>
        Development
      </option>
    </select>
  </div>
</section>
`;
