// Jest Snapshot v1, https://goo.gl/fbAQLP

exports[`CurationSearchBar: default 1`] = `
<form
  action={undefined}
  className="ui inverted form"
  onSubmit={[Function]}
>
  <div
    className="field"
  >
    <div
      className="ui icon input"
      content={undefined}
    >
      <input
        disabled={undefined}
        onChange={[Function]}
        placeholder="Search Curations"
        required={undefined}
        tabIndex={undefined}
        type="text"
      />
      <i
        aria-hidden="true"
        className="search icon"
      />
    </div>
  </div>
</form>
`;
