// Jest Snapshot v1, https://goo.gl/fbAQLP

exports[`PublicationStatusEditor: default 1`] = `
<div
  className="ui grid"
>
  <div
    className="thirteen wide column"
  >
    <p>
      <strong>
        Status:
      </strong>
       
      Draft
    </p>
    <p>
      <strong>
        Updated:
      </strong>
       
      2018-04-30T22:09:50.997Z
    </p>
    <p>
      <strong>
        Scheduled:
      </strong>
       
      2018-04-30T22:09:50.997Z
    </p>
    <p>
      <strong>
        Expires:
      </strong>
       
      2018-04-30T22:09:50.997Z
    </p>
    <div>
      <p>
        Exists in: 
      </p>
      <p>
        <span>
           
          development
           
        </span>
      </p>
    </div>
  </div>
  <div
    className="right floated three wide column"
  >
    <i
      aria-hidden="true"
      className="ellipsis vertical icon"
      onBlur={[Function]}
      onClick={[Function]}
      onFocus={[Function]}
      onMouseEnter={[Function]}
      onMouseLeave={[Function]}
      style={
        Object {
          "cursor": "pointer",
        }
      }
    />
  </div>
</div>
`;
