// Jest Snapshot v1, https://goo.gl/fbAQLP

exports[`TagCollection: default 1`] = `
Array [
  <a
    className="ui red label"
    onClick={[Function]}
    style={
        Object {
            "marginBottom": "1%",
          }
    }
>
    Mock
</a>,
  <a
    className="ui red label"
    onClick={[Function]}
    style={
        Object {
            "marginBottom": "1%",
          }
    }
>
    Test
</a>,
]
`;
