// Jest Snapshot v1, https://goo.gl/fbAQLP

exports[`TagCollection: default 1`] = `
Array [
  <a
    className="ui red label"
    onClick={[Function]}
    style={
        Object {
            "marginBottom": "1%",
          }
    }
>
    Vermont
</a>,
  <a
    className="ui red label"
    onClick={[Function]}
    style={
        Object {
            "marginBottom": "1%",
          }
    }
>
    Marketing
</a>,
  <a
    className="ui red label"
    onClick={[Function]}
    style={
        Object {
            "marginBottom": "1%",
          }
    }
>
    Customer
</a>,
  <a
    className="ui red label"
    onClick={[Function]}
    style={
        Object {
            "marginBottom": "1%",
          }
    }
>
    Synergized
</a>,
  <a
    className="ui red label"
    onClick={[Function]}
    style={
        Object {
            "marginBottom": "1%",
          }
    }
>
    Research
</a>,
  <a
    className="ui red label"
    onClick={[Function]}
    style={
        Object {
            "marginBottom": "1%",
          }
    }
>
    Cheese
</a>,
  <a
    className="ui red label"
    onClick={[Function]}
    style={
        Object {
            "marginBottom": "1%",
          }
    }
>
    Chief
</a>,
  <a
    className="ui red label"
    onClick={[Function]}
    style={
        Object {
            "marginBottom": "1%",
          }
    }
>
    Lead
</a>,
  <a
    className="ui red label"
    onClick={[Function]}
    style={
        Object {
            "marginBottom": "1%",
          }
    }
>
    Music
</a>,
  <a
    className="ui red label"
    onClick={[Function]}
    style={
        Object {
            "marginBottom": "1%",
          }
    }
>
    Coordinator
</a>,
  <a
    className="ui red label"
    onClick={[Function]}
    style={
        Object {
            "marginBottom": "1%",
          }
    }
>
    bleeding-edge
</a>,
  <a
    className="ui red label"
    onClick={[Function]}
    style={
        Object {
            "marginBottom": "1%",
          }
    }
>
    Ergonomic Fresh Pants
</a>,
  <a
    className="ui red label"
    onClick={[Function]}
    style={
        Object {
            "marginBottom": "1%",
          }
    }
>
    payment
</a>,
  <a
    className="ui red label"
    onClick={[Function]}
    style={
        Object {
            "marginBottom": "1%",
          }
    }
>
    architectures
</a>,
  <a
    className="ui red label"
    onClick={[Function]}
    style={
        Object {
            "marginBottom": "1%",
          }
    }
>
    reciprocal
</a>,
  <a
    className="ui red label"
    onClick={[Function]}
    style={
        Object {
            "marginBottom": "1%",
          }
    }
>
    Metal
</a>,
  <a
    className="ui red label"
    onClick={[Function]}
    style={
        Object {
            "marginBottom": "1%",
          }
    }
>
    Unbranded
</a>,
  <a
    className="ui red label"
    onClick={[Function]}
    style={
        Object {
            "marginBottom": "1%",
          }
    }
>
    object-oriented
</a>,
  <a
    className="ui red label"
    onClick={[Function]}
    style={
        Object {
            "marginBottom": "1%",
          }
    }
>
    Frozen
</a>,
  <a
    className="ui red label"
    onClick={[Function]}
    style={
        Object {
            "marginBottom": "1%",
          }
    }
>
    neural
</a>,
  <a
    className="ui red label"
    onClick={[Function]}
    style={
        Object {
            "marginBottom": "1%",
          }
    }
>
    microchip
</a>,
  <a
    className="ui red label"
    onClick={[Function]}
    style={
        Object {
            "marginBottom": "1%",
          }
    }
>
    Clothing
</a>,
  <a
    className="ui red label"
    onClick={[Function]}
    style={
        Object {
            "marginBottom": "1%",
          }
    }
>
    withdrawal
</a>,
  <a
    className="ui red label"
    onClick={[Function]}
    style={
        Object {
            "marginBottom": "1%",
          }
    }
>
    world-class
</a>,
  <a
    className="ui red label"
    onClick={[Function]}
    style={
        Object {
            "marginBottom": "1%",
          }
    }
>
    calculating
</a>,
  <a
    className="ui red label"
    onClick={[Function]}
    style={
        Object {
            "marginBottom": "1%",
          }
    }
>
    invoice
</a>,
  <a
    className="ui red label"
    onClick={[Function]}
    style={
        Object {
            "marginBottom": "1%",
          }
    }
>
    cross-platform
</a>,
  <a
    className="ui red label"
    onClick={[Function]}
    style={
        Object {
            "marginBottom": "1%",
          }
    }
>
    Turnpike
</a>,
  <a
    className="ui red label"
    onClick={[Function]}
    style={
        Object {
            "marginBottom": "1%",
          }
    }
>
    monitor
</a>,
  <a
    className="ui red label"
    onClick={[Function]}
    style={
        Object {
            "marginBottom": "1%",
          }
    }
>
    Handcrafted Cotton Car
</a>,
  <a
    className="ui red label"
    onClick={[Function]}
    style={
        Object {
            "marginBottom": "1%",
          }
    }
>
    Arizona
</a>,
  <a
    className="ui red label"
    onClick={[Function]}
    style={
        Object {
            "marginBottom": "1%",
          }
    }
>
    Cambridgeshire
</a>,
  <a
    className="ui red label"
    onClick={[Function]}
    style={
        Object {
            "marginBottom": "1%",
          }
    }
>
    Alabama
</a>,
  <a
    className="ui red label"
    onClick={[Function]}
    style={
        Object {
            "marginBottom": "1%",
          }
    }
>
    Buckinghamshire
</a>,
  <a
    className="ui red label"
    onClick={[Function]}
    style={
        Object {
            "marginBottom": "1%",
          }
    }
>
    deposit
</a>,
  <a
    className="ui red label"
    onClick={[Function]}
    style={
        Object {
            "marginBottom": "1%",
          }
    }
>
    HTTP
</a>,
  <a
    className="ui red label"
    onClick={[Function]}
    style={
        Object {
            "marginBottom": "1%",
          }
    }
>
    blue
</a>,
  <a
    className="ui red label"
    onClick={[Function]}
    style={
        Object {
            "marginBottom": "1%",
          }
    }
>
    Designer
</a>,
  <a
    className="ui red label"
    onClick={[Function]}
    style={
        Object {
            "marginBottom": "1%",
          }
    }
>
    synthesizing
</a>,
  <a
    className="ui red label"
    onClick={[Function]}
    style={
        Object {
            "marginBottom": "1%",
          }
    }
>
    Avon
</a>,
  <a
    className="ui red label"
    onClick={[Function]}
    style={
        Object {
            "marginBottom": "1%",
          }
    }
>
    Refined Concrete Mouse
</a>,
  <a
    className="ui red label"
    onClick={[Function]}
    style={
        Object {
            "marginBottom": "1%",
          }
    }
>
    USB
</a>,
  <a
    className="ui red label"
    onClick={[Function]}
    style={
        Object {
            "marginBottom": "1%",
          }
    }
>
    Baby
</a>,
  <a
    className="ui red label"
    onClick={[Function]}
    style={
        Object {
            "marginBottom": "1%",
          }
    }
>
    SSL
</a>,
  <a
    className="ui red label"
    onClick={[Function]}
    style={
        Object {
            "marginBottom": "1%",
          }
    }
>
    override
</a>,
]
`;
