// Jest Snapshot v1, https://goo.gl/fbAQLP

exports[`TagCollection: default 1`] = `
Array [
  <a
    className="ui red label"
    onClick={[Function]}
    style={
        Object {
            "marginBottom": "1%",
          }
    }
>
    Gorgeous Fresh Pizza
</a>,
  <a
    className="ui red label"
    onClick={[Function]}
    style={
        Object {
            "marginBottom": "1%",
          }
    }
>
    Cambridgeshire
</a>,
  <a
    className="ui red label"
    onClick={[Function]}
    style={
        Object {
            "marginBottom": "1%",
          }
    }
>
    yellow
</a>,
  <a
    className="ui red label"
    onClick={[Function]}
    style={
        Object {
            "marginBottom": "1%",
          }
    }
>
    sky blue
</a>,
]
`;
