// Jest Snapshot v1, https://goo.gl/fbAQLP

exports[`CurationFilterSubHeader: default 1`] = `
<form
  action={undefined}
  className="ui form"
  onSubmit={[Function]}
>
  <div
    className="ui three column grid"
    style={
      Object {
        "background": "black",
        "marginBottom": "20px",
      }
    }
  >
    <div
      className="left aligned row"
    >
      <div
        className="right aligned column"
      >
        <span
          style={
            Object {
              "color": "white",
            }
          }
        >
          Filters:
        </span>
      </div>
      <div
        className="column"
      >
        <div
          className="field"
        >
          <label
            style={
              Object {
                "color": "white",
              }
            }
          >
            Environment
          </label>
          <div
            className="field"
          >
            <div
              aria-busy={undefined}
              aria-disabled={undefined}
              aria-expanded={false}
              aria-multiselectable={undefined}
              className="ui selection dropdown"
              content={undefined}
              onBlur={[Function]}
              onChange={[Function]}
              onClick={[Function]}
              onFocus={[Function]}
              onMouseDown={[Function]}
              required={undefined}
              role="listbox"
              tabIndex={0}
              type={undefined}
            >
              <div
                aria-live="polite"
                className="text"
                role="alert"
              />
              <i
                aria-hidden="true"
                className="dropdown icon"
                onClick={[Function]}
              />
              <div
                className="menu transition"
              >
                <div
                  aria-checked={false}
                  aria-disabled={undefined}
                  aria-selected={true}
                  className="selected item"
                  onClick={[Function]}
                  role="option"
                  style={
                    Object {
                      "pointerEvents": "all",
                    }
                  }
                >
                  <span
                    className="text"
                  >
                    Production
                  </span>
                </div>
                <div
                  aria-checked={false}
                  aria-disabled={undefined}
                  aria-selected={false}
                  className="item"
                  onClick={[Function]}
                  role="option"
                  style={
                    Object {
                      "pointerEvents": "all",
                    }
                  }
                >
                  <span
                    className="text"
                  >
                    Development
                  </span>
                </div>
              </div>
            </div>
          </div>
        </div>
        <div
          className="field"
        >
          <label
            style={
              Object {
                "color": "white",
              }
            }
          >
            Status
          </label>
          <div
            className="field"
          >
            <div
              aria-busy={undefined}
              aria-disabled={undefined}
              aria-expanded={false}
              aria-multiselectable={undefined}
              className="ui selection dropdown"
              content={undefined}
              onBlur={[Function]}
              onChange={[Function]}
              onClick={[Function]}
              onFocus={[Function]}
              onMouseDown={[Function]}
              required={undefined}
              role="listbox"
              tabIndex={0}
              type={undefined}
            >
              <div
                aria-live="polite"
                className="text"
                role="alert"
              />
              <i
                aria-hidden="true"
                className="dropdown icon"
                onClick={[Function]}
              />
              <div
                className="menu transition"
              >
                <div
                  aria-checked={false}
                  aria-disabled={undefined}
                  aria-selected={true}
                  className="selected item"
                  onClick={[Function]}
                  role="option"
                  style={
                    Object {
                      "pointerEvents": "all",
                    }
                  }
                >
                  <span
                    className="text"
                  >
                    Draft
                  </span>
                </div>
                <div
                  aria-checked={false}
                  aria-disabled={undefined}
                  aria-selected={false}
                  className="item"
                  onClick={[Function]}
                  role="option"
                  style={
                    Object {
                      "pointerEvents": "all",
                    }
                  }
                >
                  <span
                    className="text"
                  >
                    Published
                  </span>
                </div>
              </div>
            </div>
          </div>
        </div>
      </div>
      <div
        className="column"
      >
        <p>
          <strong
            style={
              Object {
                "color": "white",
              }
            }
          >
            Tags
          </strong>
        </p>
        <span>
          No tags
        </span>
      </div>
    </div>
  </div>
</form>
`;
