// Jest Snapshot v1, https://goo.gl/fbAQLP

exports[`SearchResultCard: default 1`] = `
<div
  className="item"
>
  <div
    className="ui tiny image"
    href={undefined}
  >
    <img
      src={undefined}
    />
  </div>
  <div
    className="content"
  >
    <a
      className="header"
    >
      <i
        aria-hidden="true"
        className="plus icon"
      />
    </a>
    <div
      className="description"
    />
    <div
      className="extra"
    >
      <span>
         no labels 
      </span>
      <p />
    </div>
    <i
      aria-hidden="true"
      className="tags small icon"
      onBlur={[Function]}
      onClick={[Function]}
      onFocus={[Function]}
      onMouseEnter={[Function]}
      onMouseLeave={[Function]}
      style={
        Object {
          "cursor": "pointer",
        }
      }
    />
    <i
      aria-hidden="true"
      className="share icon"
      onBlur={[Function]}
      onClick={[Function]}
      onFocus={[Function]}
      onMouseEnter={[Function]}
      onMouseLeave={[Function]}
      style={
        Object {
          "cursor": "pointer",
        }
      }
    />
  </div>
</div>
`;
