// Jest Snapshot v1, https://goo.gl/fbAQLP

exports[`Curation: default 1`] = `
<div
  className="item"
>
  <div
    className="ui small image"
    href={undefined}
  >
    <img
      src="http://fpoimg.com/200x200"
    />
  </div>
  <div
    className="content"
  >
    <div
      className="header"
    >
      Intelligent Herminio Drive
    </div>
    <div
      className="description"
    >
      <p>
        Use the auxiliary GB interface, then you can navigate the bluetooth matrix!
      </p>
      <strong>
        Tracks:
      </strong>
       
      <em>
        Central Polarised, Berkshire Soap RAM, bypassing, Infrastructure, scale UAE Dirham, backing up, bypass Credit Card Account, Bedfordshire redundant Incredible, payment Fresh, payment Buckinghamshire, Borders, Automotive
      </em>
    </div>
  </div>
</div>
`;
