// Jest Snapshot v1, https://goo.gl/fbAQLP

exports[`renders correctly 1`] = `
<div
  className="item"
>
  <div
    className="ui small image"
    href={undefined}
  >
    <img
      src="http://fpoimg.com/200x200"
    />
  </div>
  <div
    className="content"
  >
    <div
      className="header"
    >
      Sprint 14 remix
    </div>
    <div
      className="description"
    >
      <p>
        whatever description here
      </p>
      <strong>
        Tracks:
      </strong>
       
      <em>
        testin shit
      </em>
    </div>
  </div>
</div>
`;
