// Jest Snapshot v1, https://goo.gl/fbAQLP

exports[`Curation: default 1`] = `
<div
  className="item"
>
  <div
    className="ui small image"
    href={undefined}
  >
    <img
      src="http://fpoimg.com/200x200"
    />
  </div>
  <div
    className="content"
  >
    <div
      className="header"
    >
      Rustic Durgan Corners
    </div>
    <div
      className="description"
    >
      <p>
        The PCI system is down, back up the digital firewall so we can override the THX bus!
      </p>
      <strong>
        Tracks:
      </strong>
       
      <em>
        back-end exploit niches, turn-key facilitate e-commerce, compelling grow ROI, customized reintermediate deliverables, plug-and-play implement deliverables, next-generation innovate systems, real-time facilitate infrastructures, open-source benchmark models, seamless iterate e-services, leading-edge benchmark infrastructures, back-end revolutionize relationships, best-of-breed engage relationships, plug-and-play iterate niches, next-generation enhance technologies, magnetic target synergies, virtual optimize metrics, next-generation disintermediate initiatives, dot-com transition e-commerce, transparent incubate interfaces
      </em>
    </div>
  </div>
</div>
`;
